// Jest Snapshot v1, https://goo.gl/fbAQLP

exports[`api::models::CRUDResource The model is defined properly 1`] = `
Object {
  "attributes": Object {
    "name": Object {
      "required": true,
      "type": "string",
    },
  },
}
`;
