// Jest Snapshot v1, https://goo.gl/fbAQLP

exports[`api::admin-services::AuthService verifyToken it verifies the token successfully 1`] = `undefined`;
