// Jest Snapshot v1, https://goo.gl/fbAQLP

exports[`api::helpers disableLog it disables sails log as expected 1`] = `
Object {
  "log": [Function],
}
`;
